<?xml version="1.0" encoding="UTF-8"?>
<testsuites name="jest tests" tests="1" failures="0" errors="0" time="2.586">
  <testsuite name="simple math functions" errors="0" failures="0" skipped="0" timestamp="2024-04-26T20:47:10" time="2.424" tests="1">
    <testcase classname="simple math functions verify sum" name="simple math functions verify sum" time="0.004">
    </testcase>
  </testsuite>
</testsuites>